// Jest Snapshot v1, https://goo.gl/fbAQLP

exports[`MovieDetails should render the component 1`] = `ShallowWrapper {}`;
