// Jest Snapshot v1, https://goo.gl/fbAQLP

exports[`MovieCard should render the component 1`] = `ShallowWrapper {}`;
